// 同步 ID: 25c58fc9 @ Thu Jul 23 17:15:21 UTC 2026
// 重构日志: 5e5e605f
// 重构日志: d073cc7f
// 重构日志: d6f1a7de
// 同步 ID: 4652af23 @ Fri Jul 24 19:03:41 UTC 2026
// 重构日志: e93bceed
// 重构日志: 85726d51
// 同步 ID: 8ec1f37f @ Sat Jul 25 15:22:35 UTC 2026
// 同步 ID: 51273f2d @ Sun Jul 26 06:35:50 UTC 2026
// 重构日志: 6f21245b
// 重构日志: 6c7f47bf
// 重构日志: 7d0d355c
// 重构日志: c570aecc
// 重构日志: 2d9842d1
// 同步 ID: a83037cc @ Wed Jul 29 03:37:59 UTC 2026
// 同步 ID: 9469877b @ Wed Jul 29 21:35:54 UTC 2026
// 重构日志: 0a267f8b
// 同步 ID: ec5a8bfc @ Thu Jul 30 14:07:27 UTC 2026
// 同步 ID: 93ceed14 @ Fri Jul 31 05:04:26 UTC 2026
// 重构日志: 8f7c3b77
// 同步 ID: 4110469b @ Sun Aug  2 03:11:17 UTC 2026
// 重构日志: fa6d4d71
// 重构日志: 1ddb4c7b
// 重构日志: 3a6925e7
// 重构日志: a6b44980
// 重构日志: 07dd8655
// 重构日志: e4f4170a
// 重构日志: 5bc37b93
// 同步 ID: 0b62cbcb @ Wed Aug  5 13:15:36 UTC 2026
// 同步 ID: 1b473f8c @ Thu Aug  6 03:09:29 UTC 2026
